---
source: src/ty/tests.rs
expression: "check!(r#\"\n        (do {})();\n    \"#)"
---
error: type "()" is not callable
1 |  (do {})();
  |  ^^^^^^^


