---
source: src/ty/tests.rs
expression: "check!(r#\"\n        return\n    \"#)"
---
error: `return` used outside of function
1 |  return
  |  ^^^^^^


