---
source: src/ty/tests.rs
expression: "check!(r#\"\n    let v = [0; 16];\n  \"#)"
---
let v = /*[int]*/[/*int*/0;/*int*/16];

