---
source: src/vm/tests.rs
expression: "emit! (r#\"\n        let v = 0;\n    \"#)"
---
Unit
