---
source: src/vm2/tests.rs
expression: "emit! (r#\"\n        let v = 1;\n        -v\n    \"#)"
---
I64(-1)
