---
source: src/code/tests.rs
expression: "emit!(r#\"\n        if true {\n            0\n        } else if true {\n            1\n        } else {\n            2\n        }\n    \"#)"
---
function "main" {
  registers: 1 (0 params)
  literals: []
  bytecode: (10 ops) [
    bool true, r0  // if true {
    jmpf r0, +3    // 
    smi 0, r0      // 0
    jmp +6         // if true {
    bool true, r0  // } else if true {
    jmpf r0, +3    // 
    smi 1, r0      // 1
    jmp +2         // } else if true {
    smi 2, r0      // 2
    ret            //   
  ]
}


