---
source: src/code/tests.rs
expression: "emit!(r#\"\n        loop {}\n    \"#)"
---
function "main" {
  registers: 1 (0 params)
  literals: []
  bytecode: (3 ops) [
    jmp 0    // loop {}
    unit r0  // 
    ret      //   
  ]
}


