---
source: src/vm2/tests.rs
expression: "emit! (r#\"\n        10 + 10\n    \"#)"
---
I64(20)
